// Jest Snapshot v1, https://goo.gl/fbAQLP

exports[`Build Image Repository Snapshot 1`] = `
{
  "Parameters": {
    "BootstrapVersion": {
      "Default": "/cdk-bootstrap/hnb659fds/version",
      "Description": "Version of the CDK Bootstrap resources in this environment, automatically retrieved from SSM Parameter Store. [cdk:skip]",
      "Type": "AWS::SSM::Parameter::Value<String>",
    },
  },
  "Resources": {
    "BuildImageRepoAutoDeleteImagesCustomResource5022C4B4": {
      "DeletionPolicy": "Delete",
      "DependsOn": [
        "BuildImageRepoDCD988F4",
      ],
      "Properties": {
        "RepositoryName": {
          "Ref": "BuildImageRepoDCD988F4",
        },
        "ServiceToken": {
          "Fn::GetAtt": [
            "CustomECRAutoDeleteImagesCustomResourceProviderHandler8D89C030",
            "Arn",
          ],
        },
      },
      "Type": "Custom::ECRAutoDeleteImages",
      "UpdateReplacePolicy": "Delete",
    },
    "BuildImageRepoDCD988F4": {
      "DeletionPolicy": "Delete",
      "Properties": {
        "Tags": [
          {
            "Key": "aws-cdk:auto-delete-images",
            "Value": "true",
          },
        ],
      },
      "Type": "AWS::ECR::Repository",
      "UpdateReplacePolicy": "Delete",
    },
    "CustomECRAutoDeleteImagesCustomResourceProviderHandler8D89C030": {
      "DependsOn": [
        "CustomECRAutoDeleteImagesCustomResourceProviderRole665F2773",
      ],
      "Properties": {
        "Code": {
          "S3Bucket": "cdk-hnb659fds-assets-111111111111-eu-central-1",
          "S3Key": "42ece299d9a576096dc4857eaff93ff3960a29f86902c3e829c1d030f7a3cd82.zip",
        },
        "Description": "Lambda function for auto-deleting images in undefined repository.",
        "Handler": "index.handler",
        "MemorySize": 128,
        "Role": {
          "Fn::GetAtt": [
            "CustomECRAutoDeleteImagesCustomResourceProviderRole665F2773",
            "Arn",
          ],
        },
        "Runtime": "nodejs16.x",
        "Timeout": 900,
      },
      "Type": "AWS::Lambda::Function",
    },
    "CustomECRAutoDeleteImagesCustomResourceProviderRole665F2773": {
      "Properties": {
        "AssumeRolePolicyDocument": {
          "Statement": [
            {
              "Action": "sts:AssumeRole",
              "Effect": "Allow",
              "Principal": {
                "Service": "lambda.amazonaws.com",
              },
            },
          ],
          "Version": "2012-10-17",
        },
        "ManagedPolicyArns": [
          {
            "Fn::Sub": "arn:\${AWS::Partition}:iam::aws:policy/service-role/AWSLambdaBasicExecutionRole",
          },
        ],
        "Policies": [
          {
            "PolicyDocument": {
              "Statement": [
                {
                  "Action": [
                    "ecr:BatchDeleteImage",
                    "ecr:DescribeRepositories",
                    "ecr:ListImages",
                    "ecr:ListTagsForResource",
                  ],
                  "Effect": "Allow",
                  "Resource": [
                    {
                      "Fn::GetAtt": [
                        "BuildImageRepoDCD988F4",
                        "Arn",
                      ],
                    },
                  ],
                },
              ],
              "Version": "2012-10-17",
            },
            "PolicyName": "Inline",
          },
        ],
      },
      "Type": "AWS::IAM::Role",
    },
  },
  "Rules": {
    "CheckBootstrapVersion": {
      "Assertions": [
        {
          "Assert": {
            "Fn::Not": [
              {
                "Fn::Contains": [
                  [
                    "1",
                    "2",
                    "3",
                    "4",
                    "5",
                  ],
                  {
                    "Ref": "BootstrapVersion",
                  },
                ],
              },
            ],
          },
          "AssertDescription": "CDK bootstrap stack version 6 required. Please run 'cdk bootstrap' with a recent version of the CDK CLI.",
        },
      ],
    },
  },
}
`;
