// Jest Snapshot v1, https://goo.gl/fbAQLP

exports[`Demo Pipeline Snapshot 1`] = `
{
  "Parameters": {
    "BootstrapVersion": {
      "Default": "/cdk-bootstrap/hnb659fds/version",
      "Description": "Version of the CDK Bootstrap resources in this environment, automatically retrieved from SSM Parameter Store. [cdk:skip]",
      "Type": "AWS::SSM::Parameter::Value<String>",
    },
  },
  "Resources": {
    "BuildProjectSecurityGroup28D27668": {
      "Properties": {
        "GroupDescription": "Security Group to allow attaching EFS",
        "SecurityGroupEgress": [
          {
            "CidrIp": "0.0.0.0/0",
            "Description": "Allow all outbound traffic by default",
            "IpProtocol": "-1",
          },
        ],
        "SecurityGroupIngress": [
          {
            "CidrIp": {
              "Fn::ImportValue": "RepoStack:ExportsOutputFnGetAttBucket83908E77CidrBlockD1D303CF",
            },
            "Description": "NFS Mount Port",
            "FromPort": 2049,
            "IpProtocol": "tcp",
            "ToPort": 2049,
          },
        ],
        "VpcId": {
          "Fn::ImportValue": "RepoStack:ExportsOutputRefBucket83908E7781C90AC0",
        },
      },
      "Type": "AWS::EC2::SecurityGroup",
    },
    "CheckOSAndStop224E880C": {
      "Properties": {
        "PolicyDocument": {
          "Statement": [
            {
              "Action": "codepipeline:StopPipelineExecution",
              "Effect": "Allow",
              "Resource": {
                "Fn::Join": [
                  "",
                  [
                    "arn:",
                    {
                      "Ref": "AWS::Partition",
                    },
                    ":codepipeline:eu-central-1:12341234:",
                    {
                      "Ref": "DemoPipeline5714470A",
                    },
                  ],
                ],
              },
            },
            {
              "Action": "ecr:DescribeImages",
              "Effect": "Allow",
              "Resource": {
                "Fn::ImportValue": "RepoStack:ExportsOutputFnGetAttRepository22E53BBDArn3AD4E30B",
              },
            },
          ],
          "Version": "2012-10-17",
        },
        "PolicyName": "CheckOSAndStop224E880C",
        "Roles": [
          {
            "Ref": "OSImageCheckOnStartServiceRole2D11D1E2",
          },
        ],
      },
      "Type": "AWS::IAM::Policy",
    },
    "DemoArtifactB63FBDE0": {
      "DeletionPolicy": "Retain",
      "Properties": {
        "VersioningConfiguration": {
          "Status": "Enabled",
        },
      },
      "Type": "AWS::S3::Bucket",
      "UpdateReplacePolicy": "Retain",
    },
    "DemoArtifactPolicy2E42C1C3": {
      "Properties": {
        "Bucket": {
          "Ref": "DemoArtifactB63FBDE0",
        },
        "PolicyDocument": {
          "Statement": [
            {
              "Action": "s3:*",
              "Condition": {
                "Bool": {
                  "aws:SecureTransport": "false",
                },
              },
              "Effect": "Deny",
              "Principal": {
                "AWS": "*",
              },
              "Resource": [
                {
                  "Fn::GetAtt": [
                    "DemoArtifactB63FBDE0",
                    "Arn",
                  ],
                },
                {
                  "Fn::Join": [
                    "",
                    [
                      {
                        "Fn::GetAtt": [
                          "DemoArtifactB63FBDE0",
                          "Arn",
                        ],
                      },
                      "/*",
                    ],
                  ],
                },
              ],
            },
          ],
          "Version": "2012-10-17",
        },
      },
      "Type": "AWS::S3::BucketPolicy",
    },
    "DemoBuildProjectCA7F642A": {
      "DependsOn": [
        "DemoBuildProjectPolicyDocumentD1257A49",
      ],
      "Properties": {
        "Artifacts": {
          "Type": "CODEPIPELINE",
        },
        "Cache": {
          "Type": "NO_CACHE",
        },
        "EncryptionKey": {
          "Fn::GetAtt": [
            "DemoPipelineArtifactsBucketEncryptionKey6966F3E8",
            "Arn",
          ],
        },
        "Environment": {
          "ComputeType": "BUILD_GENERAL1_2XLARGE",
          "Image": {
            "Fn::Join": [
              "",
              [
                {
                  "Fn::Select": [
                    4,
                    {
                      "Fn::Split": [
                        ":",
                        {
                          "Fn::ImportValue": "RepoStack:ExportsOutputFnGetAttRepository22E53BBDArn3AD4E30B",
                        },
                      ],
                    },
                  ],
                },
                ".dkr.ecr.",
                {
                  "Fn::Select": [
                    3,
                    {
                      "Fn::Split": [
                        ":",
                        {
                          "Fn::ImportValue": "RepoStack:ExportsOutputFnGetAttRepository22E53BBDArn3AD4E30B",
                        },
                      ],
                    },
                  ],
                },
                ".",
                {
                  "Ref": "AWS::URLSuffix",
                },
                "/",
                {
                  "Fn::ImportValue": "RepoStack:ExportsOutputRefRepository22E53BBD9A9E013B",
                },
                ":latest",
              ],
            ],
          },
          "ImagePullCredentialsType": "SERVICE_ROLE",
          "PrivilegedMode": true,
          "Type": "LINUX_CONTAINER",
        },
        "FileSystemLocations": [
          {
            "Identifier": "tmp_dir",
            "Location": {
              "Fn::Join": [
                "",
                [
                  {
                    "Ref": "DemoPipelineTempFilesystem05795DC7",
                  },
                  ".efs.eu-central-1.amazonaws.com:/",
                ],
              ],
            },
            "MountPoint": "/build-output",
            "Type": "EFS",
          },
          {
            "Identifier": "sstate_cache",
            "Location": {
              "Fn::Join": [
                "",
                [
                  {
                    "Ref": "DemoPipelineSStateFilesystemF88B93FB",
                  },
                  ".efs.eu-central-1.amazonaws.com:/",
                ],
              ],
            },
            "MountPoint": "/sstate-cache",
            "Type": "EFS",
          },
          {
            "Identifier": "dl_dir",
            "Location": {
              "Fn::Join": [
                "",
                [
                  {
                    "Ref": "DemoPipelineDownloadsFilesystem9EA5E4D6",
                  },
                  ".efs.eu-central-1.amazonaws.com:/",
                ],
              ],
            },
            "MountPoint": "/downloads",
            "Type": "EFS",
          },
        ],
        "ServiceRole": {
          "Fn::GetAtt": [
            "DemoBuildProjectRoleFEBBD0B4",
            "Arn",
          ],
        },
        "Source": {
          "BuildSpec": "build.buildspec.yml",
          "Type": "CODEPIPELINE",
        },
        "TimeoutInMinutes": 240,
        "VpcConfig": {
          "SecurityGroupIds": [
            {
              "Fn::GetAtt": [
                "BuildProjectSecurityGroup28D27668",
                "GroupId",
              ],
            },
          ],
          "Subnets": [
            {
              "Fn::ImportValue": "RepoStack:ExportsOutputRefBucketPrivateSubnet1SubnetEF90658EEBA34A64",
            },
            {
              "Fn::ImportValue": "RepoStack:ExportsOutputRefBucketPrivateSubnet2Subnet0764F5E844EB0F67",
            },
            {
              "Fn::ImportValue": "RepoStack:ExportsOutputRefBucketPrivateSubnet3SubnetB0BAE95180198C81",
            },
          ],
          "VpcId": {
            "Fn::ImportValue": "RepoStack:ExportsOutputRefBucket83908E7781C90AC0",
          },
        },
      },
      "Type": "AWS::CodeBuild::Project",
    },
    "DemoBuildProjectPolicyDocumentD1257A49": {
      "Properties": {
        "PolicyDocument": {
          "Statement": [
            {
              "Action": [
                "ec2:CreateNetworkInterface",
                "ec2:DescribeNetworkInterfaces",
                "ec2:DeleteNetworkInterface",
                "ec2:DescribeSubnets",
                "ec2:DescribeSecurityGroups",
                "ec2:DescribeDhcpOptions",
                "ec2:DescribeVpcs",
              ],
              "Effect": "Allow",
              "Resource": "*",
            },
          ],
          "Version": "2012-10-17",
        },
        "PolicyName": "DemoBuildProjectPolicyDocumentD1257A49",
        "Roles": [
          {
            "Ref": "DemoBuildProjectRoleFEBBD0B4",
          },
        ],
      },
      "Type": "AWS::IAM::Policy",
    },
    "DemoBuildProjectRoleDefaultPolicy352E66BC": {
      "Properties": {
        "PolicyDocument": {
          "Statement": [
            {
              "Action": [
                "ecr:BatchCheckLayerAvailability",
                "ecr:GetDownloadUrlForLayer",
                "ecr:BatchGetImage",
              ],
              "Effect": "Allow",
              "Resource": {
                "Fn::ImportValue": "RepoStack:ExportsOutputFnGetAttRepository22E53BBDArn3AD4E30B",
              },
            },
            {
              "Action": "ecr:GetAuthorizationToken",
              "Effect": "Allow",
              "Resource": "*",
            },
            {
              "Action": "ec2:CreateNetworkInterfacePermission",
              "Condition": {
                "StringEquals": {
                  "ec2:AuthorizedService": "codebuild.amazonaws.com",
                  "ec2:Subnet": [
                    {
                      "Fn::Join": [
                        "",
                        [
                          "arn:",
                          {
                            "Ref": "AWS::Partition",
                          },
                          ":ec2:",
                          {
                            "Ref": "AWS::Region",
                          },
                          ":",
                          {
                            "Ref": "AWS::AccountId",
                          },
                          ":subnet/",
                          {
                            "Fn::ImportValue": "RepoStack:ExportsOutputRefBucketPrivateSubnet1SubnetEF90658EEBA34A64",
                          },
                        ],
                      ],
                    },
                    {
                      "Fn::Join": [
                        "",
                        [
                          "arn:",
                          {
                            "Ref": "AWS::Partition",
                          },
                          ":ec2:",
                          {
                            "Ref": "AWS::Region",
                          },
                          ":",
                          {
                            "Ref": "AWS::AccountId",
                          },
                          ":subnet/",
                          {
                            "Fn::ImportValue": "RepoStack:ExportsOutputRefBucketPrivateSubnet2Subnet0764F5E844EB0F67",
                          },
                        ],
                      ],
                    },
                    {
                      "Fn::Join": [
                        "",
                        [
                          "arn:",
                          {
                            "Ref": "AWS::Partition",
                          },
                          ":ec2:",
                          {
                            "Ref": "AWS::Region",
                          },
                          ":",
                          {
                            "Ref": "AWS::AccountId",
                          },
                          ":subnet/",
                          {
                            "Fn::ImportValue": "RepoStack:ExportsOutputRefBucketPrivateSubnet3SubnetB0BAE95180198C81",
                          },
                        ],
                      ],
                    },
                  ],
                },
              },
              "Effect": "Allow",
              "Resource": {
                "Fn::Join": [
                  "",
                  [
                    "arn:",
                    {
                      "Ref": "AWS::Partition",
                    },
                    ":ec2:",
                    {
                      "Ref": "AWS::Region",
                    },
                    ":",
                    {
                      "Ref": "AWS::AccountId",
                    },
                    ":network-interface/*",
                  ],
                ],
              },
            },
            {
              "Action": [
                "logs:CreateLogGroup",
                "logs:CreateLogStream",
                "logs:PutLogEvents",
              ],
              "Effect": "Allow",
              "Resource": [
                {
                  "Fn::Join": [
                    "",
                    [
                      "arn:",
                      {
                        "Ref": "AWS::Partition",
                      },
                      ":logs:eu-central-1:12341234:log-group:/aws/codebuild/",
                      {
                        "Ref": "DemoBuildProjectCA7F642A",
                      },
                    ],
                  ],
                },
                {
                  "Fn::Join": [
                    "",
                    [
                      "arn:",
                      {
                        "Ref": "AWS::Partition",
                      },
                      ":logs:eu-central-1:12341234:log-group:/aws/codebuild/",
                      {
                        "Ref": "DemoBuildProjectCA7F642A",
                      },
                      ":*",
                    ],
                  ],
                },
              ],
            },
            {
              "Action": [
                "codebuild:CreateReportGroup",
                "codebuild:CreateReport",
                "codebuild:UpdateReport",
                "codebuild:BatchPutTestCases",
                "codebuild:BatchPutCodeCoverages",
              ],
              "Effect": "Allow",
              "Resource": {
                "Fn::Join": [
                  "",
                  [
                    "arn:",
                    {
                      "Ref": "AWS::Partition",
                    },
                    ":codebuild:eu-central-1:12341234:report-group/",
                    {
                      "Ref": "DemoBuildProjectCA7F642A",
                    },
                    "-*",
                  ],
                ],
              },
            },
            {
              "Action": [
                "s3:GetObject*",
                "s3:GetBucket*",
                "s3:List*",
                "s3:DeleteObject*",
                "s3:PutObject",
                "s3:PutObjectLegalHold",
                "s3:PutObjectRetention",
                "s3:PutObjectTagging",
                "s3:PutObjectVersionTagging",
                "s3:Abort*",
              ],
              "Effect": "Allow",
              "Resource": [
                {
                  "Fn::GetAtt": [
                    "DemoPipelineArtifactsBucket90FE417D",
                    "Arn",
                  ],
                },
                {
                  "Fn::Join": [
                    "",
                    [
                      {
                        "Fn::GetAtt": [
                          "DemoPipelineArtifactsBucket90FE417D",
                          "Arn",
                        ],
                      },
                      "/*",
                    ],
                  ],
                },
              ],
            },
            {
              "Action": [
                "kms:Decrypt",
                "kms:DescribeKey",
                "kms:Encrypt",
                "kms:ReEncrypt*",
                "kms:GenerateDataKey*",
              ],
              "Effect": "Allow",
              "Resource": {
                "Fn::GetAtt": [
                  "DemoPipelineArtifactsBucketEncryptionKey6966F3E8",
                  "Arn",
                ],
              },
            },
            {
              "Action": [
                "kms:Decrypt",
                "kms:Encrypt",
                "kms:ReEncrypt*",
                "kms:GenerateDataKey*",
              ],
              "Effect": "Allow",
              "Resource": {
                "Fn::GetAtt": [
                  "DemoPipelineArtifactsBucketEncryptionKey6966F3E8",
                  "Arn",
                ],
              },
            },
            {
              "Action": "codecommit:GitPull",
              "Effect": "Allow",
              "Resource": {
                "Fn::GetAtt": [
                  "SourceRepoSourceRepositoryC86045A8",
                  "Arn",
                ],
              },
            },
          ],
          "Version": "2012-10-17",
        },
        "PolicyName": "DemoBuildProjectRoleDefaultPolicy352E66BC",
        "Roles": [
          {
            "Ref": "DemoBuildProjectRoleFEBBD0B4",
          },
        ],
      },
      "Type": "AWS::IAM::Policy",
    },
    "DemoBuildProjectRoleFEBBD0B4": {
      "Properties": {
        "AssumeRolePolicyDocument": {
          "Statement": [
            {
              "Action": "sts:AssumeRole",
              "Effect": "Allow",
              "Principal": {
                "Service": "codebuild.amazonaws.com",
              },
            },
          ],
          "Version": "2012-10-17",
        },
      },
      "Type": "AWS::IAM::Role",
    },
    "DemoPipeline5714470A": {
      "DependsOn": [
        "DemoPipelineRoleDefaultPolicy1BE8AC9C",
        "DemoPipelineRole3523FC71",
      ],
      "Properties": {
        "ArtifactStore": {
          "EncryptionKey": {
            "Id": {
              "Fn::GetAtt": [
                "DemoPipelineArtifactsBucketEncryptionKey6966F3E8",
                "Arn",
              ],
            },
            "Type": "KMS",
          },
          "Location": {
            "Ref": "DemoPipelineArtifactsBucket90FE417D",
          },
          "Type": "S3",
        },
        "RestartExecutionOnUpdate": true,
        "RoleArn": {
          "Fn::GetAtt": [
            "DemoPipelineRole3523FC71",
            "Arn",
          ],
        },
        "Stages": [
          {
            "Actions": [
              {
                "ActionTypeId": {
                  "Category": "Source",
                  "Owner": "AWS",
                  "Provider": "CodeCommit",
                  "Version": "1",
                },
                "Configuration": {
                  "BranchName": "main",
                  "OutputArtifactFormat": "CODEBUILD_CLONE_REF",
                  "PollForSourceChanges": false,
                  "RepositoryName": {
                    "Fn::GetAtt": [
                      "SourceRepoSourceRepositoryC86045A8",
                      "Name",
                    ],
                  },
                },
                "Name": "Source",
                "OutputArtifacts": [
                  {
                    "Name": "Artifact_Source_Source",
                  },
                ],
                "RoleArn": {
                  "Fn::GetAtt": [
                    "DemoPipelineSourceCodePipelineActionRole4BDC8A1E",
                    "Arn",
                  ],
                },
                "RunOrder": 1,
              },
            ],
            "Name": "Source",
          },
          {
            "Actions": [
              {
                "ActionTypeId": {
                  "Category": "Build",
                  "Owner": "AWS",
                  "Provider": "CodeBuild",
                  "Version": "1",
                },
                "Configuration": {
                  "ProjectName": {
                    "Ref": "DemoBuildProjectCA7F642A",
                  },
                },
                "InputArtifacts": [
                  {
                    "Name": "Artifact_Source_Source",
                  },
                ],
                "Name": "Demo-Build",
                "OutputArtifacts": [
                  {
                    "Name": "Artifact_Build_Demo-Build",
                  },
                ],
                "RoleArn": {
                  "Fn::GetAtt": [
                    "DemoPipelineBuildDemoBuildCodePipelineActionRoleA72EE94C",
                    "Arn",
                  ],
                },
                "RunOrder": 1,
              },
            ],
            "Name": "Build",
          },
          {
            "Actions": [
              {
                "ActionTypeId": {
                  "Category": "Deploy",
                  "Owner": "AWS",
                  "Provider": "S3",
                  "Version": "1",
                },
                "Configuration": {
                  "BucketName": {
                    "Ref": "DemoArtifactB63FBDE0",
                  },
                  "Extract": "true",
                },
                "InputArtifacts": [
                  {
                    "Name": "Artifact_Build_Demo-Build",
                  },
                ],
                "Name": "Demo-Artifact",
                "RoleArn": {
                  "Fn::GetAtt": [
                    "DemoPipelineArtifactDemoArtifactCodePipelineActionRole95890F74",
                    "Arn",
                  ],
                },
                "RunOrder": 1,
              },
            ],
            "Name": "Artifact",
          },
        ],
      },
      "Type": "AWS::CodePipeline::Pipeline",
    },
    "DemoPipelineArtifactDemoArtifactCodePipelineActionRole95890F74": {
      "Properties": {
        "AssumeRolePolicyDocument": {
          "Statement": [
            {
              "Action": "sts:AssumeRole",
              "Effect": "Allow",
              "Principal": {
                "AWS": {
                  "Fn::Join": [
                    "",
                    [
                      "arn:",
                      {
                        "Ref": "AWS::Partition",
                      },
                      ":iam::12341234:root",
                    ],
                  ],
                },
              },
            },
          ],
          "Version": "2012-10-17",
        },
      },
      "Type": "AWS::IAM::Role",
    },
    "DemoPipelineArtifactDemoArtifactCodePipelineActionRoleDefaultPolicy390E3C67": {
      "Properties": {
        "PolicyDocument": {
          "Statement": [
            {
              "Action": [
                "s3:DeleteObject*",
                "s3:PutObject",
                "s3:PutObjectLegalHold",
                "s3:PutObjectRetention",
                "s3:PutObjectTagging",
                "s3:PutObjectVersionTagging",
                "s3:Abort*",
              ],
              "Effect": "Allow",
              "Resource": [
                {
                  "Fn::GetAtt": [
                    "DemoArtifactB63FBDE0",
                    "Arn",
                  ],
                },
                {
                  "Fn::Join": [
                    "",
                    [
                      {
                        "Fn::GetAtt": [
                          "DemoArtifactB63FBDE0",
                          "Arn",
                        ],
                      },
                      "/*",
                    ],
                  ],
                },
              ],
            },
            {
              "Action": [
                "s3:GetObject*",
                "s3:GetBucket*",
                "s3:List*",
              ],
              "Effect": "Allow",
              "Resource": [
                {
                  "Fn::GetAtt": [
                    "DemoPipelineArtifactsBucket90FE417D",
                    "Arn",
                  ],
                },
                {
                  "Fn::Join": [
                    "",
                    [
                      {
                        "Fn::GetAtt": [
                          "DemoPipelineArtifactsBucket90FE417D",
                          "Arn",
                        ],
                      },
                      "/*",
                    ],
                  ],
                },
              ],
            },
            {
              "Action": [
                "kms:Decrypt",
                "kms:DescribeKey",
              ],
              "Effect": "Allow",
              "Resource": {
                "Fn::GetAtt": [
                  "DemoPipelineArtifactsBucketEncryptionKey6966F3E8",
                  "Arn",
                ],
              },
            },
          ],
          "Version": "2012-10-17",
        },
        "PolicyName": "DemoPipelineArtifactDemoArtifactCodePipelineActionRoleDefaultPolicy390E3C67",
        "Roles": [
          {
            "Ref": "DemoPipelineArtifactDemoArtifactCodePipelineActionRole95890F74",
          },
        ],
      },
      "Type": "AWS::IAM::Policy",
    },
    "DemoPipelineArtifactsBucket90FE417D": {
      "DeletionPolicy": "Retain",
      "Properties": {
        "BucketEncryption": {
          "ServerSideEncryptionConfiguration": [
            {
              "ServerSideEncryptionByDefault": {
                "KMSMasterKeyID": {
                  "Fn::GetAtt": [
                    "DemoPipelineArtifactsBucketEncryptionKey6966F3E8",
                    "Arn",
                  ],
                },
                "SSEAlgorithm": "aws:kms",
              },
            },
          ],
        },
        "PublicAccessBlockConfiguration": {
          "BlockPublicAcls": true,
          "BlockPublicPolicy": true,
          "IgnorePublicAcls": true,
          "RestrictPublicBuckets": true,
        },
      },
      "Type": "AWS::S3::Bucket",
      "UpdateReplacePolicy": "Retain",
    },
    "DemoPipelineArtifactsBucketEncryptionKey6966F3E8": {
      "DeletionPolicy": "Delete",
      "Properties": {
        "KeyPolicy": {
          "Statement": [
            {
              "Action": "kms:*",
              "Effect": "Allow",
              "Principal": {
                "AWS": {
                  "Fn::Join": [
                    "",
                    [
                      "arn:",
                      {
                        "Ref": "AWS::Partition",
                      },
                      ":iam::12341234:root",
                    ],
                  ],
                },
              },
              "Resource": "*",
            },
          ],
          "Version": "2012-10-17",
        },
      },
      "Type": "AWS::KMS::Key",
      "UpdateReplacePolicy": "Delete",
    },
    "DemoPipelineArtifactsBucketEncryptionKeyAlias732C5699": {
      "DeletionPolicy": "Delete",
      "Properties": {
        "AliasName": "alias/codepipeline-myteststackdemopipelinea8582e07",
        "TargetKeyId": {
          "Fn::GetAtt": [
            "DemoPipelineArtifactsBucketEncryptionKey6966F3E8",
            "Arn",
          ],
        },
      },
      "Type": "AWS::KMS::Alias",
      "UpdateReplacePolicy": "Delete",
    },
    "DemoPipelineArtifactsBucketPolicy453CC1AA": {
      "Properties": {
        "Bucket": {
          "Ref": "DemoPipelineArtifactsBucket90FE417D",
        },
        "PolicyDocument": {
          "Statement": [
            {
              "Action": "s3:*",
              "Condition": {
                "Bool": {
                  "aws:SecureTransport": "false",
                },
              },
              "Effect": "Deny",
              "Principal": {
                "AWS": "*",
              },
              "Resource": [
                {
                  "Fn::GetAtt": [
                    "DemoPipelineArtifactsBucket90FE417D",
                    "Arn",
                  ],
                },
                {
                  "Fn::Join": [
                    "",
                    [
                      {
                        "Fn::GetAtt": [
                          "DemoPipelineArtifactsBucket90FE417D",
                          "Arn",
                        ],
                      },
                      "/*",
                    ],
                  ],
                },
              ],
            },
          ],
          "Version": "2012-10-17",
        },
      },
      "Type": "AWS::S3::BucketPolicy",
    },
    "DemoPipelineBuildDemoBuildCodePipelineActionRoleA72EE94C": {
      "Properties": {
        "AssumeRolePolicyDocument": {
          "Statement": [
            {
              "Action": "sts:AssumeRole",
              "Effect": "Allow",
              "Principal": {
                "AWS": {
                  "Fn::Join": [
                    "",
                    [
                      "arn:",
                      {
                        "Ref": "AWS::Partition",
                      },
                      ":iam::12341234:root",
                    ],
                  ],
                },
              },
            },
          ],
          "Version": "2012-10-17",
        },
      },
      "Type": "AWS::IAM::Role",
    },
    "DemoPipelineBuildDemoBuildCodePipelineActionRoleDefaultPolicy95E8762B": {
      "Properties": {
        "PolicyDocument": {
          "Statement": [
            {
              "Action": [
                "codebuild:BatchGetBuilds",
                "codebuild:StartBuild",
                "codebuild:StopBuild",
              ],
              "Effect": "Allow",
              "Resource": {
                "Fn::GetAtt": [
                  "DemoBuildProjectCA7F642A",
                  "Arn",
                ],
              },
            },
          ],
          "Version": "2012-10-17",
        },
        "PolicyName": "DemoPipelineBuildDemoBuildCodePipelineActionRoleDefaultPolicy95E8762B",
        "Roles": [
          {
            "Ref": "DemoPipelineBuildDemoBuildCodePipelineActionRoleA72EE94C",
          },
        ],
      },
      "Type": "AWS::IAM::Policy",
    },
    "DemoPipelineDownloadsFilesystem9EA5E4D6": {
      "DeletionPolicy": "Delete",
      "Properties": {
        "Encrypted": true,
        "FileSystemTags": [
          {
            "Key": "Name",
            "Value": "MyTestStack/DemoPipelineDownloadsFilesystem",
          },
        ],
      },
      "Type": "AWS::EFS::FileSystem",
      "UpdateReplacePolicy": "Delete",
    },
    "DemoPipelineDownloadsFilesystemEfsMountTarget1714C4592": {
      "Properties": {
        "FileSystemId": {
          "Ref": "DemoPipelineDownloadsFilesystem9EA5E4D6",
        },
        "SecurityGroups": [
          {
            "Fn::GetAtt": [
              "DemoPipelineDownloadsFilesystemEfsSecurityGroup5B873263",
              "GroupId",
            ],
          },
        ],
        "SubnetId": {
          "Fn::ImportValue": "RepoStack:ExportsOutputRefBucketPrivateSubnet1SubnetEF90658EEBA34A64",
        },
      },
      "Type": "AWS::EFS::MountTarget",
    },
    "DemoPipelineDownloadsFilesystemEfsMountTarget2762EB0A1": {
      "Properties": {
        "FileSystemId": {
          "Ref": "DemoPipelineDownloadsFilesystem9EA5E4D6",
        },
        "SecurityGroups": [
          {
            "Fn::GetAtt": [
              "DemoPipelineDownloadsFilesystemEfsSecurityGroup5B873263",
              "GroupId",
            ],
          },
        ],
        "SubnetId": {
          "Fn::ImportValue": "RepoStack:ExportsOutputRefBucketPrivateSubnet2Subnet0764F5E844EB0F67",
        },
      },
      "Type": "AWS::EFS::MountTarget",
    },
    "DemoPipelineDownloadsFilesystemEfsMountTarget3C74F575D": {
      "Properties": {
        "FileSystemId": {
          "Ref": "DemoPipelineDownloadsFilesystem9EA5E4D6",
        },
        "SecurityGroups": [
          {
            "Fn::GetAtt": [
              "DemoPipelineDownloadsFilesystemEfsSecurityGroup5B873263",
              "GroupId",
            ],
          },
        ],
        "SubnetId": {
          "Fn::ImportValue": "RepoStack:ExportsOutputRefBucketPrivateSubnet3SubnetB0BAE95180198C81",
        },
      },
      "Type": "AWS::EFS::MountTarget",
    },
    "DemoPipelineDownloadsFilesystemEfsSecurityGroup5B873263": {
      "Properties": {
        "GroupDescription": "MyTestStack/DemoPipelineDownloadsFilesystem/EfsSecurityGroup",
        "SecurityGroupEgress": [
          {
            "CidrIp": "0.0.0.0/0",
            "Description": "Allow all outbound traffic by default",
            "IpProtocol": "-1",
          },
        ],
        "Tags": [
          {
            "Key": "Name",
            "Value": "MyTestStack/DemoPipelineDownloadsFilesystem",
          },
        ],
        "VpcId": {
          "Fn::ImportValue": "RepoStack:ExportsOutputRefBucket83908E7781C90AC0",
        },
      },
      "Type": "AWS::EC2::SecurityGroup",
    },
    "DemoPipelineDownloadsFilesystemEfsSecurityGroupfromMyTestStackBuildProjectSecurityGroupA374A3A920492BBADE97": {
      "Properties": {
        "Description": "from MyTestStackBuildProjectSecurityGroupA374A3A9:2049",
        "FromPort": 2049,
        "GroupId": {
          "Fn::GetAtt": [
            "DemoPipelineDownloadsFilesystemEfsSecurityGroup5B873263",
            "GroupId",
          ],
        },
        "IpProtocol": "tcp",
        "SourceSecurityGroupId": {
          "Fn::GetAtt": [
            "BuildProjectSecurityGroup28D27668",
            "GroupId",
          ],
        },
        "ToPort": 2049,
      },
      "Type": "AWS::EC2::SecurityGroupIngress",
    },
    "DemoPipelineEventsRole9A8BDCF2": {
      "Properties": {
        "AssumeRolePolicyDocument": {
          "Statement": [
            {
              "Action": "sts:AssumeRole",
              "Effect": "Allow",
              "Principal": {
                "Service": "events.amazonaws.com",
              },
            },
          ],
          "Version": "2012-10-17",
        },
      },
      "Type": "AWS::IAM::Role",
    },
    "DemoPipelineEventsRoleDefaultPolicy162769CF": {
      "Properties": {
        "PolicyDocument": {
          "Statement": [
            {
              "Action": "codepipeline:StartPipelineExecution",
              "Effect": "Allow",
              "Resource": {
                "Fn::Join": [
                  "",
                  [
                    "arn:",
                    {
                      "Ref": "AWS::Partition",
                    },
                    ":codepipeline:eu-central-1:12341234:",
                    {
                      "Ref": "DemoPipeline5714470A",
                    },
                  ],
                ],
              },
            },
          ],
          "Version": "2012-10-17",
        },
        "PolicyName": "DemoPipelineEventsRoleDefaultPolicy162769CF",
        "Roles": [
          {
            "Ref": "DemoPipelineEventsRole9A8BDCF2",
          },
        ],
      },
      "Type": "AWS::IAM::Policy",
    },
    "DemoPipelineRole3523FC71": {
      "Properties": {
        "AssumeRolePolicyDocument": {
          "Statement": [
            {
              "Action": "sts:AssumeRole",
              "Effect": "Allow",
              "Principal": {
                "Service": "codepipeline.amazonaws.com",
              },
            },
          ],
          "Version": "2012-10-17",
        },
      },
      "Type": "AWS::IAM::Role",
    },
    "DemoPipelineRoleDefaultPolicy1BE8AC9C": {
      "Properties": {
        "PolicyDocument": {
          "Statement": [
            {
              "Action": [
                "s3:GetObject*",
                "s3:GetBucket*",
                "s3:List*",
                "s3:DeleteObject*",
                "s3:PutObject",
                "s3:PutObjectLegalHold",
                "s3:PutObjectRetention",
                "s3:PutObjectTagging",
                "s3:PutObjectVersionTagging",
                "s3:Abort*",
              ],
              "Effect": "Allow",
              "Resource": [
                {
                  "Fn::GetAtt": [
                    "DemoPipelineArtifactsBucket90FE417D",
                    "Arn",
                  ],
                },
                {
                  "Fn::Join": [
                    "",
                    [
                      {
                        "Fn::GetAtt": [
                          "DemoPipelineArtifactsBucket90FE417D",
                          "Arn",
                        ],
                      },
                      "/*",
                    ],
                  ],
                },
              ],
            },
            {
              "Action": [
                "kms:Decrypt",
                "kms:DescribeKey",
                "kms:Encrypt",
                "kms:ReEncrypt*",
                "kms:GenerateDataKey*",
              ],
              "Effect": "Allow",
              "Resource": {
                "Fn::GetAtt": [
                  "DemoPipelineArtifactsBucketEncryptionKey6966F3E8",
                  "Arn",
                ],
              },
            },
            {
              "Action": "sts:AssumeRole",
              "Effect": "Allow",
              "Resource": {
                "Fn::GetAtt": [
                  "DemoPipelineSourceCodePipelineActionRole4BDC8A1E",
                  "Arn",
                ],
              },
            },
            {
              "Action": "sts:AssumeRole",
              "Effect": "Allow",
              "Resource": {
                "Fn::GetAtt": [
                  "DemoPipelineBuildDemoBuildCodePipelineActionRoleA72EE94C",
                  "Arn",
                ],
              },
            },
            {
              "Action": "sts:AssumeRole",
              "Effect": "Allow",
              "Resource": {
                "Fn::GetAtt": [
                  "DemoPipelineArtifactDemoArtifactCodePipelineActionRole95890F74",
                  "Arn",
                ],
              },
            },
          ],
          "Version": "2012-10-17",
        },
        "PolicyName": "DemoPipelineRoleDefaultPolicy1BE8AC9C",
        "Roles": [
          {
            "Ref": "DemoPipelineRole3523FC71",
          },
        ],
      },
      "Type": "AWS::IAM::Policy",
    },
    "DemoPipelineSStateFilesystemEfsMountTarget12B1DB013": {
      "Properties": {
        "FileSystemId": {
          "Ref": "DemoPipelineSStateFilesystemF88B93FB",
        },
        "SecurityGroups": [
          {
            "Fn::GetAtt": [
              "DemoPipelineSStateFilesystemEfsSecurityGroupC07715A9",
              "GroupId",
            ],
          },
        ],
        "SubnetId": {
          "Fn::ImportValue": "RepoStack:ExportsOutputRefBucketPrivateSubnet1SubnetEF90658EEBA34A64",
        },
      },
      "Type": "AWS::EFS::MountTarget",
    },
    "DemoPipelineSStateFilesystemEfsMountTarget2F3D98C99": {
      "Properties": {
        "FileSystemId": {
          "Ref": "DemoPipelineSStateFilesystemF88B93FB",
        },
        "SecurityGroups": [
          {
            "Fn::GetAtt": [
              "DemoPipelineSStateFilesystemEfsSecurityGroupC07715A9",
              "GroupId",
            ],
          },
        ],
        "SubnetId": {
          "Fn::ImportValue": "RepoStack:ExportsOutputRefBucketPrivateSubnet2Subnet0764F5E844EB0F67",
        },
      },
      "Type": "AWS::EFS::MountTarget",
    },
    "DemoPipelineSStateFilesystemEfsMountTarget3C2D2B41A": {
      "Properties": {
        "FileSystemId": {
          "Ref": "DemoPipelineSStateFilesystemF88B93FB",
        },
        "SecurityGroups": [
          {
            "Fn::GetAtt": [
              "DemoPipelineSStateFilesystemEfsSecurityGroupC07715A9",
              "GroupId",
            ],
          },
        ],
        "SubnetId": {
          "Fn::ImportValue": "RepoStack:ExportsOutputRefBucketPrivateSubnet3SubnetB0BAE95180198C81",
        },
      },
      "Type": "AWS::EFS::MountTarget",
    },
    "DemoPipelineSStateFilesystemEfsSecurityGroupC07715A9": {
      "Properties": {
        "GroupDescription": "MyTestStack/DemoPipelineSStateFilesystem/EfsSecurityGroup",
        "SecurityGroupEgress": [
          {
            "CidrIp": "0.0.0.0/0",
            "Description": "Allow all outbound traffic by default",
            "IpProtocol": "-1",
          },
        ],
        "Tags": [
          {
            "Key": "Name",
            "Value": "MyTestStack/DemoPipelineSStateFilesystem",
          },
        ],
        "VpcId": {
          "Fn::ImportValue": "RepoStack:ExportsOutputRefBucket83908E7781C90AC0",
        },
      },
      "Type": "AWS::EC2::SecurityGroup",
    },
    "DemoPipelineSStateFilesystemEfsSecurityGroupfromMyTestStackBuildProjectSecurityGroupA374A3A92049A1018724": {
      "Properties": {
        "Description": "from MyTestStackBuildProjectSecurityGroupA374A3A9:2049",
        "FromPort": 2049,
        "GroupId": {
          "Fn::GetAtt": [
            "DemoPipelineSStateFilesystemEfsSecurityGroupC07715A9",
            "GroupId",
          ],
        },
        "IpProtocol": "tcp",
        "SourceSecurityGroupId": {
          "Fn::GetAtt": [
            "BuildProjectSecurityGroup28D27668",
            "GroupId",
          ],
        },
        "ToPort": 2049,
      },
      "Type": "AWS::EC2::SecurityGroupIngress",
    },
    "DemoPipelineSStateFilesystemF88B93FB": {
      "DeletionPolicy": "Delete",
      "Properties": {
        "Encrypted": true,
        "FileSystemTags": [
          {
            "Key": "Name",
            "Value": "MyTestStack/DemoPipelineSStateFilesystem",
          },
        ],
      },
      "Type": "AWS::EFS::FileSystem",
      "UpdateReplacePolicy": "Delete",
    },
    "DemoPipelineSourceCodePipelineActionRole4BDC8A1E": {
      "Properties": {
        "AssumeRolePolicyDocument": {
          "Statement": [
            {
              "Action": "sts:AssumeRole",
              "Effect": "Allow",
              "Principal": {
                "AWS": {
                  "Fn::Join": [
                    "",
                    [
                      "arn:",
                      {
                        "Ref": "AWS::Partition",
                      },
                      ":iam::12341234:root",
                    ],
                  ],
                },
              },
            },
          ],
          "Version": "2012-10-17",
        },
      },
      "Type": "AWS::IAM::Role",
    },
    "DemoPipelineSourceCodePipelineActionRoleDefaultPolicy47E6288E": {
      "Properties": {
        "PolicyDocument": {
          "Statement": [
            {
              "Action": [
                "s3:GetObject*",
                "s3:GetBucket*",
                "s3:List*",
                "s3:DeleteObject*",
                "s3:PutObject",
                "s3:PutObjectLegalHold",
                "s3:PutObjectRetention",
                "s3:PutObjectTagging",
                "s3:PutObjectVersionTagging",
                "s3:Abort*",
              ],
              "Effect": "Allow",
              "Resource": [
                {
                  "Fn::GetAtt": [
                    "DemoPipelineArtifactsBucket90FE417D",
                    "Arn",
                  ],
                },
                {
                  "Fn::Join": [
                    "",
                    [
                      {
                        "Fn::GetAtt": [
                          "DemoPipelineArtifactsBucket90FE417D",
                          "Arn",
                        ],
                      },
                      "/*",
                    ],
                  ],
                },
              ],
            },
            {
              "Action": [
                "kms:Decrypt",
                "kms:DescribeKey",
                "kms:Encrypt",
                "kms:ReEncrypt*",
                "kms:GenerateDataKey*",
              ],
              "Effect": "Allow",
              "Resource": {
                "Fn::GetAtt": [
                  "DemoPipelineArtifactsBucketEncryptionKey6966F3E8",
                  "Arn",
                ],
              },
            },
            {
              "Action": [
                "codecommit:GetBranch",
                "codecommit:GetCommit",
                "codecommit:UploadArchive",
                "codecommit:GetUploadArchiveStatus",
                "codecommit:CancelUploadArchive",
                "codecommit:GetRepository",
              ],
              "Effect": "Allow",
              "Resource": {
                "Fn::GetAtt": [
                  "SourceRepoSourceRepositoryC86045A8",
                  "Arn",
                ],
              },
            },
          ],
          "Version": "2012-10-17",
        },
        "PolicyName": "DemoPipelineSourceCodePipelineActionRoleDefaultPolicy47E6288E",
        "Roles": [
          {
            "Ref": "DemoPipelineSourceCodePipelineActionRole4BDC8A1E",
          },
        ],
      },
      "Type": "AWS::IAM::Policy",
    },
    "DemoPipelineTempFilesystem05795DC7": {
      "DeletionPolicy": "Delete",
      "Properties": {
        "Encrypted": true,
        "FileSystemTags": [
          {
            "Key": "Name",
            "Value": "MyTestStack/DemoPipelineTempFilesystem",
          },
        ],
      },
      "Type": "AWS::EFS::FileSystem",
      "UpdateReplacePolicy": "Delete",
    },
    "DemoPipelineTempFilesystemEfsMountTarget105627E5D": {
      "Properties": {
        "FileSystemId": {
          "Ref": "DemoPipelineTempFilesystem05795DC7",
        },
        "SecurityGroups": [
          {
            "Fn::GetAtt": [
              "DemoPipelineTempFilesystemEfsSecurityGroupE7972A92",
              "GroupId",
            ],
          },
        ],
        "SubnetId": {
          "Fn::ImportValue": "RepoStack:ExportsOutputRefBucketPrivateSubnet1SubnetEF90658EEBA34A64",
        },
      },
      "Type": "AWS::EFS::MountTarget",
    },
    "DemoPipelineTempFilesystemEfsMountTarget207DE96E2": {
      "Properties": {
        "FileSystemId": {
          "Ref": "DemoPipelineTempFilesystem05795DC7",
        },
        "SecurityGroups": [
          {
            "Fn::GetAtt": [
              "DemoPipelineTempFilesystemEfsSecurityGroupE7972A92",
              "GroupId",
            ],
          },
        ],
        "SubnetId": {
          "Fn::ImportValue": "RepoStack:ExportsOutputRefBucketPrivateSubnet2Subnet0764F5E844EB0F67",
        },
      },
      "Type": "AWS::EFS::MountTarget",
    },
    "DemoPipelineTempFilesystemEfsMountTarget32C9BA9D8": {
      "Properties": {
        "FileSystemId": {
          "Ref": "DemoPipelineTempFilesystem05795DC7",
        },
        "SecurityGroups": [
          {
            "Fn::GetAtt": [
              "DemoPipelineTempFilesystemEfsSecurityGroupE7972A92",
              "GroupId",
            ],
          },
        ],
        "SubnetId": {
          "Fn::ImportValue": "RepoStack:ExportsOutputRefBucketPrivateSubnet3SubnetB0BAE95180198C81",
        },
      },
      "Type": "AWS::EFS::MountTarget",
    },
    "DemoPipelineTempFilesystemEfsSecurityGroupE7972A92": {
      "Properties": {
        "GroupDescription": "MyTestStack/DemoPipelineTempFilesystem/EfsSecurityGroup",
        "SecurityGroupEgress": [
          {
            "CidrIp": "0.0.0.0/0",
            "Description": "Allow all outbound traffic by default",
            "IpProtocol": "-1",
          },
        ],
        "Tags": [
          {
            "Key": "Name",
            "Value": "MyTestStack/DemoPipelineTempFilesystem",
          },
        ],
        "VpcId": {
          "Fn::ImportValue": "RepoStack:ExportsOutputRefBucket83908E7781C90AC0",
        },
      },
      "Type": "AWS::EC2::SecurityGroup",
    },
    "DemoPipelineTempFilesystemEfsSecurityGroupfromMyTestStackBuildProjectSecurityGroupA374A3A92049A29752D4": {
      "Properties": {
        "Description": "from MyTestStackBuildProjectSecurityGroupA374A3A9:2049",
        "FromPort": 2049,
        "GroupId": {
          "Fn::GetAtt": [
            "DemoPipelineTempFilesystemEfsSecurityGroupE7972A92",
            "GroupId",
          ],
        },
        "IpProtocol": "tcp",
        "SourceSecurityGroupId": {
          "Fn::GetAtt": [
            "BuildProjectSecurityGroup28D27668",
            "GroupId",
          ],
        },
        "ToPort": 2049,
      },
      "Type": "AWS::EC2::SecurityGroupIngress",
    },
    "OSImageCheckOnStart0C599B99": {
      "DependsOn": [
        "OSImageCheckOnStartServiceRole2D11D1E2",
      ],
      "Properties": {
        "Code": {
          "ZipFile": {
            "Fn::Join": [
              "",
              [
                "
import boto3
import json

ecr_client = boto3.client('ecr')
codepipeline_client = boto3.client('codepipeline')

def handler(event, context):
  print("Received event: " + json.dumps(event, indent=2))
  response = ecr_client.describe_images(repositoryName='",
                {
                  "Fn::ImportValue": "RepoStack:ExportsOutputRefRepository22E53BBD9A9E013B",
                },
                "', filter={'tagStatus': 'TAGGED'})
  for i in response['imageDetails']:
    if 'undefined' in i['imageTags']:
      break
  else:
    print('OS image not found. Stopping execution.')
    response = codepipeline_client.stop_pipeline_execution(
    pipelineName=event['detail']['pipeline'],
    pipelineExecutionId=event['detail']['execution-id'],
    abandon=True,
    reason='OS image not found in ECR repository. Stopping pipeline until image is present.')
    ",
              ],
            ],
          },
        },
        "Handler": "index.handler",
        "Role": {
          "Fn::GetAtt": [
            "OSImageCheckOnStartServiceRole2D11D1E2",
            "Arn",
          ],
        },
        "Runtime": "python3.10",
      },
      "Type": "AWS::Lambda::Function",
    },
    "OSImageCheckOnStartServiceRole2D11D1E2": {
      "Properties": {
        "AssumeRolePolicyDocument": {
          "Statement": [
            {
              "Action": "sts:AssumeRole",
              "Effect": "Allow",
              "Principal": {
                "Service": "lambda.amazonaws.com",
              },
            },
          ],
          "Version": "2012-10-17",
        },
        "ManagedPolicyArns": [
          {
            "Fn::Join": [
              "",
              [
                "arn:",
                {
                  "Ref": "AWS::Partition",
                },
                ":iam::aws:policy/service-role/AWSLambdaBasicExecutionRole",
              ],
            ],
          },
        ],
      },
      "Type": "AWS::IAM::Role",
    },
    "OnPipelineStartRuleAllowEventRuleMyTestStackOSImageCheckOnStart16BFD20B7F872FCA": {
      "Properties": {
        "Action": "lambda:InvokeFunction",
        "FunctionName": {
          "Fn::GetAtt": [
            "OSImageCheckOnStart0C599B99",
            "Arn",
          ],
        },
        "Principal": "events.amazonaws.com",
        "SourceArn": {
          "Fn::GetAtt": [
            "OnPipelineStartRuleC732FFCF",
            "Arn",
          ],
        },
      },
      "Type": "AWS::Lambda::Permission",
    },
    "OnPipelineStartRuleC732FFCF": {
      "Properties": {
        "EventPattern": {
          "detail": {
            "execution-trigger": {
              "trigger-type": [
                "CreatePipeline",
              ],
            },
            "state": [
              "STARTED",
            ],
          },
          "detail-type": [
            "CodePipeline Pipeline Execution State Change",
          ],
          "source": [
            "aws.codepipeline",
          ],
        },
        "State": "ENABLED",
        "Targets": [
          {
            "Arn": {
              "Fn::GetAtt": [
                "OSImageCheckOnStart0C599B99",
                "Arn",
              ],
            },
            "Id": "Target0",
          },
        ],
      },
      "Type": "AWS::Events::Rule",
    },
    "SourceRepoSourceRepositoryC86045A8": {
      "Properties": {
        "Code": {
          "BranchName": "main",
          "S3": {
            "Bucket": "cdk-hnb659fds-assets-12341234-eu-central-1",
            "Key": "be6ddd2184e42352f78f888697689395d48c33c2e70b76fb33f225cd85cd6224.zip",
          },
        },
        "RepositoryName": "layer-repo-MyTestStack",
      },
      "Type": "AWS::CodeCommit::Repository",
    },
    "SourceRepoSourceRepositoryMyTestStackDemoPipelineA8582E07mainEventRule9BB75337": {
      "Properties": {
        "EventPattern": {
          "detail": {
            "event": [
              "referenceCreated",
              "referenceUpdated",
            ],
            "referenceName": [
              "main",
            ],
          },
          "detail-type": [
            "CodeCommit Repository State Change",
          ],
          "resources": [
            {
              "Fn::GetAtt": [
                "SourceRepoSourceRepositoryC86045A8",
                "Arn",
              ],
            },
          ],
          "source": [
            "aws.codecommit",
          ],
        },
        "State": "ENABLED",
        "Targets": [
          {
            "Arn": {
              "Fn::Join": [
                "",
                [
                  "arn:",
                  {
                    "Ref": "AWS::Partition",
                  },
                  ":codepipeline:eu-central-1:12341234:",
                  {
                    "Ref": "DemoPipeline5714470A",
                  },
                ],
              ],
            },
            "Id": "Target0",
            "RoleArn": {
              "Fn::GetAtt": [
                "DemoPipelineEventsRole9A8BDCF2",
                "Arn",
              ],
            },
          },
        ],
      },
      "Type": "AWS::Events::Rule",
    },
  },
  "Rules": {
    "CheckBootstrapVersion": {
      "Assertions": [
        {
          "Assert": {
            "Fn::Not": [
              {
                "Fn::Contains": [
                  [
                    "1",
                    "2",
                    "3",
                    "4",
                    "5",
                  ],
                  {
                    "Ref": "BootstrapVersion",
                  },
                ],
              },
            ],
          },
          "AssertDescription": "CDK bootstrap stack version 6 required. Please run 'cdk bootstrap' with a recent version of the CDK CLI.",
        },
      ],
    },
  },
}
`;
